2026-08-27 02:06:48 [WARNING] __main__: Composio SDK not available. Agents will use httpx fallback.
2026-08-27 02:06:48 [INFO] __main__: Starting Composio App Research Pipeline
2026-08-27 02:06:48 [INFO] __main__: Output directory: output
2026-08-27 02:06:48 [INFO] __main__: Processing 100 apps across 10 categories
2026-08-27 02:06:48 [INFO] composio_research.coordinator: Starting stage: researcher
2026-08-27 02:06:49 [INFO] httpx: HTTP Request: GET https://backend.composio.dev/api/v3.1/tools/APIFY_RUN_ACTOR_SYNC_GET_DATASET_ITEMS?toolkit_versions%5Bapify%5D=20260707_00 "HTTP/1.1 200 OK"
2026-08-27 02:06:49 [INFO] httpx: HTTP Request: GET https://backend.composio.dev/api/v3.1/tools/APIFY_RUN_ACTOR_SYNC_GET_DATASET_ITEMS?toolkit_versions%5Bapify%5D=20260707_00 "HTTP/1.1 200 OK"
2026-08-27 02:06:49 [INFO] httpx: HTTP Request: GET https://backend.composio.dev/api/v3.1/tools/APIFY_RUN_ACTOR_SYNC_GET_DATASET_ITEMS?toolkit_versions%5Bapify%5D=20260707_00 "HTTP/1.1 200 OK"
2026-08-27 02:06:49 [INFO] httpx: HTTP Request: GET https://backend.composio.dev/api/v3.1/tools/APIFY_RUN_ACTOR_SYNC_GET_DATASET_ITEMS?toolkit_versions%5Bapify%5D=20260707_00 "HTTP/1.1 200 OK"
2026-08-27 02:06:49 [INFO] httpx: HTTP Request: GET https://backend.composio.dev/api/v3.1/tools/APIFY_RUN_ACTOR_SYNC_GET_DATASET_ITEMS?toolkit_versions%5Bapify%5D=20260707_00 "HTTP/1.1 200 OK"
2026-08-27 02:06:49 [INFO] httpx: HTTP Request: GET https://backend.composio.dev/api/v3.1/tools/APIFY_RUN_ACTOR_SYNC_GET_DATASET_ITEMS?toolkit_versions%5Bapify%5D=20260707_00 "HTTP/1.1 200 OK"
2026-08-27 02:06:49 [INFO] httpx: HTTP Request: GET https://backend.composio.dev/api/v3.1/tools/APIFY_RUN_ACTOR_SYNC_GET_DATASET_ITEMS?toolkit_versions%5Bapify%5D=20260707_00 "HTTP/1.1 200 OK"
2026-08-27 02:06:49 [INFO] httpx: HTTP Request: GET https://backend.composio.dev/api/v3.1/tools/APIFY_RUN_ACTOR_SYNC_GET_DATASET_ITEMS?toolkit_versions%5Bapify%5D=20260707_00 "HTTP/1.1 200 OK"
2026-08-27 02:06:49 [INFO] httpx: HTTP Request: GET https://backend.composio.dev/api/v3.1/tools/APIFY_RUN_ACTOR_SYNC_GET_DATASET_ITEMS?toolkit_versions%5Bapify%5D=20260707_00 "HTTP/1.1 200 OK"
2026-08-27 02:06:49 [INFO] httpx: HTTP Request: GET https://backend.composio.dev/api/v3.1/tools/APIFY_RUN_ACTOR_SYNC_GET_DATASET_ITEMS?toolkit_versions%5Bapify%5D=20260707_00 "HTTP/1.1 200 OK"
2026-08-27 02:06:50 [INFO] httpx: HTTP Request: POST https://telemetry.composio.dev/v1/metrics/invocations "HTTP/1.1 200 OK"
2026-08-27 02:06:50 [INFO] httpx: HTTP Request: POST https://backend.composio.dev/api/v3.1/tools/execute/APIFY_RUN_ACTOR_SYNC_GET_DATASET_ITEMS "HTTP/1.1 200 OK"
2026-08-27 02:06:50 [INFO] httpx: HTTP Request: POST https://backend.composio.dev/api/v3.1/tools/execute/APIFY_RUN_ACTOR_SYNC_GET_DATASET_ITEMS "HTTP/1.1 200 OK"
2026-08-27 02:06:50 [INFO] httpx: HTTP Request: POST https://backend.composio.dev/api/v3.1/tools/execute/APIFY_RUN_ACTOR_SYNC_GET_DATASET_ITEMS "HTTP/1.1 200 OK"
2026-08-27 02:06:50 [INFO] httpx: HTTP Request: POST https://backend.composio.dev/api/v3.1/tools/execute/APIFY_RUN_ACTOR_SYNC_GET_DATASET_ITEMS "HTTP/1.1 200 OK"
2026-08-27 02:06:50 [INFO] httpx: HTTP Request: POST https://backend.composio.dev/api/v3.1/tools/execute/APIFY_RUN_ACTOR_SYNC_GET_DATASET_ITEMS "HTTP/1.1 200 OK"
2026-08-27 02:06:50 [INFO] httpx: HTTP Request: GET https://backend.composio.dev/api/v3.1/tools/APIFY_RUN_ACTOR_SYNC_GET_DATASET_ITEMS?toolkit_versions%5Bapify%5D=20260707_00 "HTTP/1.1 200 OK"
2026-08-27 02:06:50 [INFO] httpx: HTTP Request: GET https://backend.composio.dev/api/v3.1/tools/APIFY_RUN_ACTOR_SYNC_GET_DATASET_ITEMS?toolkit_versions%5Bapify%5D=20260707_00 "HTTP/1.1 200 OK"
2026-08-27 02:06:50 [INFO] httpx: HTTP Request: POST https://telemetry.composio.dev/v1/metrics/invocations "HTTP/1.1 200 OK"
2026-08-27 02:06:50 [INFO] httpx: HTTP Request: GET https://backend.composio.dev/api/v3.1/tools/APIFY_RUN_ACTOR_SYNC_GET_DATASET_ITEMS?toolkit_versions%5Bapify%5D=20260707_00 "HTTP/1.1 200 OK"
2026-08-27 02:06:51 [INFO] httpx: HTTP Request: GET https://backend.composio.dev/api/v3.1/tools/APIFY_RUN_ACTOR_SYNC_GET_DATASET_ITEMS?toolkit_versions%5Bapify%5D=20260707_00 "HTTP/1.1 200 OK"
2026-08-27 02:06:51 [INFO] httpx: HTTP Request: POST https://telemetry.composio.dev/v1/metrics/invocations "HTTP/1.1 200 OK"
2026-08-27 02:06:51 [INFO] httpx: HTTP Request: GET https://backend.composio.dev/api/v3.1/tools/APIFY_RUN_ACTOR_SYNC_GET_DATASET_ITEMS?toolkit_versions%5Bapify%5D=20260707_00 "HTTP/1.1 200 OK"
2026-08-27 02:06:51 [INFO] httpx: HTTP Request: POST https://telemetry.composio.dev/v1/metrics/invocations "HTTP/1.1 200 OK"
2026-08-27 02:06:51 [INFO] httpx: HTTP Request: POST https://backend.composio.dev/api/v3.1/tools/execute/APIFY_RUN_ACTOR_SYNC_GET_DATASET_ITEMS "HTTP/1.1 200 OK"
2026-08-27 02:06:51 [INFO] httpx: HTTP Request: POST https://backend.composio.dev/api/v3.1/tools/execute/APIFY_RUN_ACTOR_SYNC_GET_DATASET_ITEMS "HTTP/1.1 200 OK"
2026-08-27 02:06:51 [INFO] httpx: HTTP Request: POST https://backend.composio.dev/api/v3.1/tools/execute/APIFY_RUN_ACTOR_SYNC_GET_DATASET_ITEMS "HTTP/1.1 200 OK"
2026-08-27 02:06:51 [INFO] httpx: HTTP Request: POST https://telemetry.composio.dev/v1/metrics/invocations "HTTP/1.1 200 OK"
2026-08-27 02:06:51 [INFO] httpx: HTTP Request: POST https://backend.composio.dev/api/v3.1/tools/execute/APIFY_RUN_ACTOR_SYNC_GET_DATASET_ITEMS "HTTP/1.1 200 OK"
2026-08-27 02:06:51 [INFO] httpx: HTTP Request: GET https://backend.composio.dev/api/v3.1/tools/APIFY_RUN_ACTOR_SYNC_GET_DATASET_ITEMS?toolkit_versions%5Bapify%5D=20260707_00 "HTTP/1.1 200 OK"
2026-08-27 02:06:52 [INFO] httpx: HTTP Request: POST https://telemetry.composio.dev/v1/metrics/invocations "HTTP/1.1 200 OK"
2026-08-27 02:06:52 [INFO] httpx: HTTP Request: GET https://backend.composio.dev/api/v3.1/tools/APIFY_RUN_ACTOR_SYNC_GET_DATASET_ITEMS?toolkit_versions%5Bapify%5D=20260707_00 "HTTP/1.1 200 OK"
2026-08-27 02:06:52 [INFO] httpx: HTTP Request: GET https://backend.composio.dev/api/v3.1/tools/APIFY_RUN_ACTOR_SYNC_GET_DATASET_ITEMS?toolkit_versions%5Bapify%5D=20260707_00 "HTTP/1.1 200 OK"
2026-08-27 02:06:52 [INFO] httpx: HTTP Request: POST https://backend.composio.dev/api/v3.1/tools/execute/APIFY_RUN_ACTOR_SYNC_GET_DATASET_ITEMS "HTTP/1.1 200 OK"
2026-08-27 02:06:52 [INFO] httpx: HTTP Request: GET https://backend.composio.dev/api/v3.1/tools/APIFY_RUN_ACTOR_SYNC_GET_DATASET_ITEMS?toolkit_versions%5Bapify%5D=20260707_00 "HTTP/1.1 200 OK"
2026-08-27 02:06:52 [INFO] httpx: HTTP Request: POST https://telemetry.composio.dev/v1/metrics/invocations "HTTP/1.1 200 OK"
2026-08-27 02:06:52 [INFO] httpx: HTTP Request: POST https://telemetry.composio.dev/v1/metrics/invocations "HTTP/1.1 200 OK"
2026-08-27 02:06:52 [INFO] httpx: HTTP Request: GET https://backend.composio.dev/api/v3.1/tools/APIFY_RUN_ACTOR_SYNC_GET_DATASET_ITEMS?toolkit_versions%5Bapify%5D=20260707_00 "HTTP/1.1 200 OK"
2026-08-27 02:06:52 [INFO] httpx: HTTP Request: POST https://backend.composio.dev/api/v3.1/tools/execute/APIFY_RUN_ACTOR_SYNC_GET_DATASET_ITEMS "HTTP/1.1 200 OK"
2026-08-27 02:06:52 [INFO] httpx: HTTP Request: POST https://telemetry.composio.dev/v1/metrics/invocations "HTTP/1.1 200 OK"
2026-08-27 02:06:52 [INFO] httpx: HTTP Request: POST https://backend.composio.dev/api/v3.1/tools/execute/APIFY_RUN_ACTOR_SYNC_GET_DATASET_ITEMS "HTTP/1.1 200 OK"
2026-08-27 02:06:53 [INFO] httpx: HTTP Request: POST https://telemetry.composio.dev/v1/metrics/invocations "HTTP/1.1 200 OK"
2026-08-27 02:06:53 [INFO] httpx: HTTP Request: POST https://backend.composio.dev/api/v3.1/tools/execute/APIFY_RUN_ACTOR_SYNC_GET_DATASET_ITEMS "HTTP/1.1 200 OK"
2026-08-27 02:06:53 [INFO] httpx: HTTP Request: POST https://telemetry.composio.dev/v1/metrics/invocations "HTTP/1.1 200 OK"
2026-08-27 02:06:53 [INFO] httpx: HTTP Request: POST https://telemetry.composio.dev/v1/metrics/invocations "HTTP/1.1 200 OK"
2026-08-27 02:06:54 [INFO] httpx: HTTP Request: POST https://telemetry.composio.dev/v1/metrics/invocations "HTTP/1.1 200 OK"
2026-08-27 02:06:54 [INFO] httpx: HTTP Request: POST https://telemetry.composio.dev/v1/metrics/invocations "HTTP/1.1 200 OK"
2026-08-27 02:06:55 [INFO] httpx: HTTP Request: POST https://telemetry.composio.dev/v1/metrics/invocations "HTTP/1.1 200 OK"
2026-08-27 02:06:55 [INFO] httpx: HTTP Request: POST https://telemetry.composio.dev/v1/metrics/invocations "HTTP/1.1 200 OK"
2026-08-27 02:06:55 [INFO] httpx: HTTP Request: POST https://telemetry.composio.dev/v1/metrics/invocations "HTTP/1.1 200 OK"
2026-08-27 02:06:55 [INFO] httpx: HTTP Request: POST https://telemetry.composio.dev/v1/metrics/invocations "HTTP/1.1 200 OK"
2026-08-27 02:06:56 [INFO] httpx: HTTP Request: POST https://telemetry.composio.dev/v1/metrics/invocations "HTTP/1.1 200 OK"
2026-08-27 02:06:56 [INFO] httpx: HTTP Request: POST https://telemetry.composio.dev/v1/metrics/invocations "HTTP/1.1 200 OK"
2026-08-27 02:06:56 [INFO] httpx: HTTP Request: POST https://telemetry.composio.dev/v1/metrics/invocations "HTTP/1.1 200 OK"
2026-08-27 02:06:57 [INFO] httpx: HTTP Request: POST https://telemetry.composio.dev/v1/metrics/invocations "HTTP/1.1 200 OK"
2026-08-27 02:06:57 [INFO] httpx: HTTP Request: POST https://telemetry.composio.dev/v1/metrics/invocations "HTTP/1.1 200 OK"
2026-08-27 02:06:57 [INFO] httpx: HTTP Request: POST https://telemetry.composio.dev/v1/metrics/invocations "HTTP/1.1 200 OK"
2026-08-27 02:06:57 [INFO] httpx: HTTP Request: POST https://telemetry.composio.dev/v1/metrics/invocations "HTTP/1.1 200 OK"
2026-08-27 02:06:58 [INFO] httpx: HTTP Request: GET https://backend.composio.dev/api/v3.1/tools/APIFY_RUN_ACTOR_SYNC_GET_DATASET_ITEMS?toolkit_versions%5Bapify%5D=20260707_00 "HTTP/1.1 200 OK"
2026-08-27 02:06:58 [INFO] httpx: HTTP Request: POST https://telemetry.composio.dev/v1/metrics/invocations "HTTP/1.1 200 OK"
2026-08-27 02:06:58 [INFO] httpx: HTTP Request: GET https://backend.composio.dev/api/v3.1/tools/APIFY_RUN_ACTOR_SYNC_GET_DATASET_ITEMS?toolkit_versions%5Bapify%5D=20260707_00 "HTTP/1.1 200 OK"
2026-08-27 02:06:58 [INFO] httpx: HTTP Request: POST https://telemetry.composio.dev/v1/metrics/invocations "HTTP/1.1 200 OK"
2026-08-27 02:06:58 [INFO] httpx: HTTP Request: GET https://backend.composio.dev/api/v3.1/tools/APIFY_RUN_ACTOR_SYNC_GET_DATASET_ITEMS?toolkit_versions%5Bapify%5D=20260707_00 "HTTP/1.1 200 OK"
2026-08-27 02:06:58 [INFO] httpx: HTTP Request: POST https://backend.composio.dev/api/v3.1/tools/execute/APIFY_RUN_ACTOR_SYNC_GET_DATASET_ITEMS "HTTP/1.1 200 OK"
2026-08-27 02:06:58 [INFO] httpx: HTTP Request: POST https://telemetry.composio.dev/v1/metrics/invocations "HTTP/1.1 200 OK"
2026-08-27 02:06:59 [INFO] httpx: HTTP Request: GET https://backend.composio.dev/api/v3.1/tools/APIFY_RUN_ACTOR_SYNC_GET_DATASET_ITEMS?toolkit_versions%5Bapify%5D=20260707_00 "HTTP/1.1 200 OK"
2026-08-27 02:06:59 [INFO] httpx: HTTP Request: POST https://telemetry.composio.dev/v1/metrics/invocations "HTTP/1.1 200 OK"
2026-08-27 02:06:59 [INFO] httpx: HTTP Request: POST https://backend.composio.dev/api/v3.1/tools/execute/APIFY_RUN_ACTOR_SYNC_GET_DATASET_ITEMS "HTTP/1.1 200 OK"
2026-08-27 02:06:59 [INFO] httpx: HTTP Request: POST https://telemetry.composio.dev/v1/metrics/invocations "HTTP/1.1 200 OK"
2026-08-27 02:06:59 [INFO] httpx: HTTP Request: GET https://backend.composio.dev/api/v3.1/tools/APIFY_RUN_ACTOR_SYNC_GET_DATASET_ITEMS?toolkit_versions%5Bapify%5D=20260707_00 "HTTP/1.1 200 OK"
2026-08-27 02:06:59 [INFO] httpx: HTTP Request: POST https://backend.composio.dev/api/v3.1/tools/execute/APIFY_RUN_ACTOR_SYNC_GET_DATASET_ITEMS "HTTP/1.1 200 OK"
2026-08-27 02:06:59 [INFO] httpx: HTTP Request: POST https://backend.composio.dev/api/v3.1/tools/execute/APIFY_RUN_ACTOR_SYNC_GET_DATASET_ITEMS "HTTP/1.1 200 OK"
2026-08-27 02:06:59 [INFO] httpx: HTTP Request: POST https://telemetry.composio.dev/v1/metrics/invocations "HTTP/1.1 200 OK"
2026-08-27 02:06:59 [INFO] httpx: HTTP Request: GET https://backend.composio.dev/api/v3.1/tools/APIFY_RUN_ACTOR_SYNC_GET_DATASET_ITEMS?toolkit_versions%5Bapify%5D=20260707_00 "HTTP/1.1 200 OK"
2026-08-27 02:06:59 [INFO] httpx: HTTP Request: POST https://telemetry.composio.dev/v1/metrics/invocations "HTTP/1.1 200 OK"
2026-08-27 02:07:00 [INFO] httpx: HTTP Request: GET https://backend.composio.dev/api/v3.1/tools/APIFY_RUN_ACTOR_SYNC_GET_DATASET_ITEMS?toolkit_versions%5Bapify%5D=20260707_00 "HTTP/1.1 200 OK"
2026-08-27 02:07:00 [INFO] httpx: HTTP Request: POST https://backend.composio.dev/api/v3.1/tools/execute/APIFY_RUN_ACTOR_SYNC_GET_DATASET_ITEMS "HTTP/1.1 200 OK"
2026-08-27 02:07:00 [INFO] httpx: HTTP Request: GET https://backend.composio.dev/api/v3.1/tools/APIFY_RUN_ACTOR_SYNC_GET_DATASET_ITEMS?toolkit_versions%5Bapify%5D=20260707_00 "HTTP/1.1 200 OK"
2026-08-27 02:07:00 [INFO] httpx: HTTP Request: POST https://telemetry.composio.dev/v1/metrics/invocations "HTTP/1.1 200 OK"
2026-08-27 02:07:00 [INFO] httpx: HTTP Request: POST https://backend.composio.dev/api/v3.1/tools/execute/APIFY_RUN_ACTOR_SYNC_GET_DATASET_ITEMS "HTTP/1.1 200 OK"
2026-08-27 02:07:00 [INFO] httpx: HTTP Request: POST https://backend.composio.dev/api/v3.1/tools/execute/APIFY_RUN_ACTOR_SYNC_GET_DATASET_ITEMS "HTTP/1.1 200 OK"
2026-08-27 02:07:01 [INFO] httpx: HTTP Request: POST https://telemetry.composio.dev/v1/metrics/invocations "HTTP/1.1 200 OK"
2026-08-27 02:07:01 [INFO] httpx: HTTP Request: POST https://backend.composio.dev/api/v3.1/tools/execute/APIFY_RUN_ACTOR_SYNC_GET_DATASET_ITEMS "HTTP/1.1 200 OK"
2026-08-27 02:07:01 [INFO] httpx: HTTP Request: GET https://backend.composio.dev/api/v3.1/tools/APIFY_RUN_ACTOR_SYNC_GET_DATASET_ITEMS?toolkit_versions%5Bapify%5D=20260707_00 "HTTP/1.1 200 OK"
2026-08-27 02:07:01 [INFO] httpx: HTTP Request: POST https://telemetry.composio.dev/v1/metrics/invocations "HTTP/1.1 200 OK"
2026-08-27 02:07:01 [INFO] httpx: HTTP Request: POST https://telemetry.composio.dev/v1/metrics/invocations "HTTP/1.1 200 OK"
2026-08-27 02:07:01 [INFO] httpx: HTTP Request: POST https://telemetry.composio.dev/v1/metrics/invocations "HTTP/1.1 200 OK"
2026-08-27 02:07:01 [INFO] httpx: HTTP Request: POST https://backend.composio.dev/api/v3.1/tools/execute/APIFY_RUN_ACTOR_SYNC_GET_DATASET_ITEMS "HTTP/1.1 200 OK"
2026-08-27 02:07:02 [INFO] httpx: HTTP Request: POST https://telemetry.composio.dev/v1/metrics/invocations "HTTP/1.1 200 OK"
2026-08-27 02:07:02 [INFO] httpx: HTTP Request: POST https://telemetry.composio.dev/v1/metrics/invocations "HTTP/1.1 200 OK"
2026-08-27 02:07:02 [INFO] httpx: HTTP Request: POST https://telemetry.composio.dev/v1/metrics/invocations "HTTP/1.1 200 OK"
2026-08-27 02:07:03 [INFO] httpx: HTTP Request: POST https://telemetry.composio.dev/v1/metrics/invocations "HTTP/1.1 200 OK"
2026-08-27 02:07:03 [INFO] httpx: HTTP Request: POST https://telemetry.composio.dev/v1/metrics/invocations "HTTP/1.1 200 OK"
2026-08-27 02:07:03 [INFO] httpx: HTTP Request: POST https://telemetry.composio.dev/v1/metrics/invocations "HTTP/1.1 200 OK"
2026-08-27 02:07:03 [INFO] httpx: HTTP Request: POST https://telemetry.composio.dev/v1/metrics/invocations "HTTP/1.1 200 OK"
2026-08-27 02:07:04 [INFO] httpx: HTTP Request: POST https://telemetry.composio.dev/v1/metrics/invocations "HTTP/1.1 200 OK"
2026-08-27 02:07:04 [INFO] httpx: HTTP Request: POST https://telemetry.composio.dev/v1/metrics/invocations "HTTP/1.1 200 OK"
2026-08-27 02:07:06 [INFO] httpx: HTTP Request: POST https://backend.composio.dev/api/v3.1/tools/execute/APIFY_RUN_ACTOR_SYNC_GET_DATASET_ITEMS "HTTP/1.1 200 OK"
2026-08-27 02:07:06 [INFO] httpx: HTTP Request: GET https://backend.composio.dev/api/v3.1/tools/APIFY_RUN_ACTOR_SYNC_GET_DATASET_ITEMS?toolkit_versions%5Bapify%5D=20260707_00 "HTTP/1.1 200 OK"
2026-08-27 02:07:06 [INFO] httpx: HTTP Request: POST https://telemetry.composio.dev/v1/metrics/invocations "HTTP/1.1 200 OK"
2026-08-27 02:07:06 [INFO] httpx: HTTP Request: POST https://telemetry.composio.dev/v1/metrics/invocations "HTTP/1.1 200 OK"
2026-08-27 02:07:07 [INFO] httpx: HTTP Request: POST https://backend.composio.dev/api/v3.1/tools/execute/APIFY_RUN_ACTOR_SYNC_GET_DATASET_ITEMS "HTTP/1.1 200 OK"
2026-08-27 02:07:07 [INFO] httpx: HTTP Request: POST https://telemetry.composio.dev/v1/metrics/invocations "HTTP/1.1 200 OK"
2026-08-27 02:07:07 [INFO] httpx: HTTP Request: GET https://backend.composio.dev/api/v3.1/tools/APIFY_RUN_ACTOR_SYNC_GET_DATASET_ITEMS?toolkit_versions%5Bapify%5D=20260707_00 "HTTP/1.1 200 OK"
2026-08-27 02:07:07 [INFO] httpx: HTTP Request: POST https://telemetry.composio.dev/v1/metrics/invocations "HTTP/1.1 200 OK"
2026-08-27 02:07:08 [INFO] httpx: HTTP Request: POST https://backend.composio.dev/api/v3.1/tools/execute/APIFY_RUN_ACTOR_SYNC_GET_DATASET_ITEMS "HTTP/1.1 200 OK"
2026-08-27 02:07:08 [INFO] httpx: HTTP Request: GET https://backend.composio.dev/api/v3.1/tools/APIFY_RUN_ACTOR_SYNC_GET_DATASET_ITEMS?toolkit_versions%5Bapify%5D=20260707_00 "HTTP/1.1 200 OK"
2026-08-27 02:07:09 [INFO] httpx: HTTP Request: POST https://telemetry.composio.dev/v1/metrics/invocations "HTTP/1.1 200 OK"
2026-08-27 02:07:09 [INFO] httpx: HTTP Request: POST https://telemetry.composio.dev/v1/metrics/invocations "HTTP/1.1 200 OK"
2026-08-27 02:07:09 [INFO] httpx: HTTP Request: POST https://backend.composio.dev/api/v3.1/tools/execute/APIFY_RUN_ACTOR_SYNC_GET_DATASET_ITEMS "HTTP/1.1 200 OK"
2026-08-27 02:07:09 [INFO] httpx: HTTP Request: POST https://telemetry.composio.dev/v1/metrics/invocations "HTTP/1.1 200 OK"
2026-08-27 02:07:11 [INFO] httpx: HTTP Request: GET https://backend.composio.dev/api/v3.1/tools/APIFY_RUN_ACTOR_SYNC_GET_DATASET_ITEMS?toolkit_versions%5Bapify%5D=20260707_00 "HTTP/1.1 200 OK"
2026-08-27 02:07:11 [INFO] httpx: HTTP Request: POST https://backend.composio.dev/api/v3.1/tools/execute/APIFY_RUN_ACTOR_SYNC_GET_DATASET_ITEMS "HTTP/1.1 200 OK"
2026-08-27 02:07:11 [INFO] httpx: HTTP Request: POST https://telemetry.composio.dev/v1/metrics/invocations "HTTP/1.1 200 OK"
2026-08-27 02:07:11 [INFO] httpx: HTTP Request: POST https://telemetry.composio.dev/v1/metrics/invocations "HTTP/1.1 200 OK"
2026-08-27 02:07:11 [INFO] httpx: HTTP Request: GET https://backend.composio.dev/api/v3.1/tools/APIFY_RUN_ACTOR_SYNC_GET_DATASET_ITEMS?toolkit_versions%5Bapify%5D=20260707_00 "HTTP/1.1 200 OK"
2026-08-27 02:07:12 [INFO] httpx: HTTP Request: POST https://telemetry.composio.dev/v1/metrics/invocations "HTTP/1.1 200 OK"
2026-08-27 02:07:12 [INFO] httpx: HTTP Request: GET https://backend.composio.dev/api/v3.1/tools/APIFY_RUN_ACTOR_SYNC_GET_DATASET_ITEMS?toolkit_versions%5Bapify%5D=20260707_00 "HTTP/1.1 200 OK"
2026-08-27 02:07:12 [INFO] httpx: HTTP Request: POST https://backend.composio.dev/api/v3.1/tools/execute/APIFY_RUN_ACTOR_SYNC_GET_DATASET_ITEMS "HTTP/1.1 200 OK"
2026-08-27 02:07:12 [INFO] httpx: HTTP Request: POST https://telemetry.composio.dev/v1/metrics/invocations "HTTP/1.1 200 OK"
2026-08-27 02:07:12 [INFO] httpx: HTTP Request: GET https://backend.composio.dev/api/v3.1/tools/APIFY_RUN_ACTOR_SYNC_GET_DATASET_ITEMS?toolkit_versions%5Bapify%5D=20260707_00 "HTTP/1.1 200 OK"
2026-08-27 02:07:12 [INFO] httpx: HTTP Request: POST https://telemetry.composio.dev/v1/metrics/invocations "HTTP/1.1 200 OK"
2026-08-27 02:07:12 [INFO] httpx: HTTP Request: POST https://backend.composio.dev/api/v3.1/tools/execute/APIFY_RUN_ACTOR_SYNC_GET_DATASET_ITEMS "HTTP/1.1 200 OK"
2026-08-27 02:07:13 [INFO] httpx: HTTP Request: POST https://telemetry.composio.dev/v1/metrics/invocations "HTTP/1.1 200 OK"
2026-08-27 02:07:13 [INFO] httpx: HTTP Request: GET https://backend.composio.dev/api/v3.1/tools/APIFY_RUN_ACTOR_SYNC_GET_DATASET_ITEMS?toolkit_versions%5Bapify%5D=20260707_00 "HTTP/1.1 200 OK"
2026-08-27 02:07:13 [INFO] httpx: HTTP Request: POST https://backend.composio.dev/api/v3.1/tools/execute/APIFY_RUN_ACTOR_SYNC_GET_DATASET_ITEMS "HTTP/1.1 200 OK"
2026-08-27 02:07:13 [INFO] httpx: HTTP Request: POST https://telemetry.composio.dev/v1/metrics/invocations "HTTP/1.1 200 OK"
2026-08-27 02:07:13 [INFO] httpx: HTTP Request: POST https://telemetry.composio.dev/v1/metrics/invocations "HTTP/1.1 200 OK"
2026-08-27 02:07:14 [INFO] httpx: HTTP Request: POST https://backend.composio.dev/api/v3.1/tools/execute/APIFY_RUN_ACTOR_SYNC_GET_DATASET_ITEMS "HTTP/1.1 200 OK"
2026-08-27 02:07:14 [INFO] httpx: HTTP Request: POST https://telemetry.composio.dev/v1/metrics/invocations "HTTP/1.1 200 OK"
2026-08-27 02:07:14 [INFO] httpx: HTTP Request: GET https://backend.composio.dev/api/v3.1/tools/APIFY_RUN_ACTOR_SYNC_GET_DATASET_ITEMS?toolkit_versions%5Bapify%5D=20260707_00 "HTTP/1.1 200 OK"
2026-08-27 02:07:14 [INFO] httpx: HTTP Request: POST https://telemetry.composio.dev/v1/metrics/invocations "HTTP/1.1 200 OK"
2026-08-27 02:07:14 [INFO] httpx: HTTP Request: GET https://backend.composio.dev/api/v3.1/tools/APIFY_RUN_ACTOR_SYNC_GET_DATASET_ITEMS?toolkit_versions%5Bapify%5D=20260707_00 "HTTP/1.1 200 OK"
2026-08-27 02:07:14 [INFO] httpx: HTTP Request: POST https://telemetry.composio.dev/v1/metrics/invocations "HTTP/1.1 200 OK"
2026-08-27 02:07:14 [INFO] httpx: HTTP Request: POST https://backend.composio.dev/api/v3.1/tools/execute/APIFY_RUN_ACTOR_SYNC_GET_DATASET_ITEMS "HTTP/1.1 200 OK"
2026-08-27 02:07:14 [INFO] httpx: HTTP Request: POST https://telemetry.composio.dev/v1/metrics/invocations "HTTP/1.1 200 OK"
2026-08-27 02:07:14 [INFO] httpx: HTTP Request: POST https://backend.composio.dev/api/v3.1/tools/execute/APIFY_RUN_ACTOR_SYNC_GET_DATASET_ITEMS "HTTP/1.1 200 OK"
2026-08-27 02:07:15 [INFO] httpx: HTTP Request: POST https://telemetry.composio.dev/v1/metrics/invocations "HTTP/1.1 200 OK"
2026-08-27 02:07:15 [INFO] httpx: HTTP Request: GET https://backend.composio.dev/api/v3.1/tools/APIFY_RUN_ACTOR_SYNC_GET_DATASET_ITEMS?toolkit_versions%5Bapify%5D=20260707_00 "HTTP/1.1 200 OK"
2026-08-27 02:07:15 [INFO] httpx: HTTP Request: POST https://telemetry.composio.dev/v1/metrics/invocations "HTTP/1.1 200 OK"
2026-08-27 02:07:15 [INFO] httpx: HTTP Request: POST https://telemetry.composio.dev/v1/metrics/invocations "HTTP/1.1 200 OK"
